[00:00:46] [Server thread/INFO]: Cza daxkqueue was slain by Zombie
[00:02:19] [Server thread/INFO]: daxkqueue lost connection: Disconnected
[00:02:19] [Server thread/INFO]: [AutoStop] Scheduling shutdown
[00:02:19] [Server thread/INFO]: [voicechat] Disconnecting client daxkqueue
[00:02:19] [Server thread/INFO]: Cza daxkqueue left the game
[00:03:02] [User Authenticator #1/INFO]: UUID of player daxkqueue is 708e9e2b-4f00-35b0-8c66-e24c1deac88a
[00:03:02] [Server thread/INFO]: [AutoStop] Shutdown cancelled
[00:03:02] [Server thread/INFO]: daxkqueue joined the game
[00:03:02] [Server thread/INFO]: daxkqueue[/127.60.56.50:3237] logged in with entity id 334 at ([world]-64.71036841188385, 95.0, -11.906532851204021)
[00:03:02] [Server thread/INFO]: [voicechat] Received secret request of daxkqueue (20)
[00:03:02] [Server thread/INFO]: [voicechat] Sent secret to daxkqueue
[00:03:03] [Craft Scheduler Thread - 0 - PlaceholderAPI/INFO]: [LocalTime] Couldn't get daxkqueue's timezone. Will use default timezone.
[00:03:15] [Server thread/INFO]: Cza daxkqueue was slain by Spider
[00:03:21] [Server thread/INFO]: daxkqueue issued server command: /shop
[00:03:29] [Server thread/INFO]: daxkqueue issued server command: /lac update
[00:03:29] [Craft Scheduler Thread - 17 - LoginSecurity/INFO]: [LoginSecurity] Downloading file LoginSecurity-3.2.0-Bukkit.jar...
[00:03:30] [Craft Scheduler Thread - 17 - LoginSecurity/INFO]: [LoginSecurity] Download complete!
[00:03:39] [Server thread/INFO]: Downloading LoginSecurity v3.2.0 (MC 1.8-1.20.1)...
[00:03:39] [Craft Scheduler Thread - 17 - LoginSecurity/INFO]: [LoginSecurity] Downloading file LoginSecurity-3.2.0-Bukkit.jar...
[00:03:40] [Craft Scheduler Thread - 17 - LoginSecurity/INFO]: [LoginSecurity] Download complete!
[00:03:40] [Server thread/INFO]: Update successful, will be active on reboot.
[00:03:40] [Server thread/INFO]: Changelog isn't available for this version.
[00:06:34] [Server thread/INFO]: daxkqueue lost connection: Disconnected
[00:06:34] [Server thread/INFO]: [AutoStop] Scheduling shutdown
[00:06:34] [Server thread/INFO]: [voicechat] Disconnecting client daxkqueue
[00:06:34] [Server thread/INFO]: Cza daxkqueue left the game
[00:06:50] [Server thread/INFO]: Stopping server
[00:06:50] [Server thread/INFO]: [AutoStop] Disabling AutoStop v1.0
[00:06:50] [Server thread/INFO]: [BetterTeams] Disabling BetterTeams v5.0.0
[00:06:50] [Server thread/INFO]: [BetterTeams] Unloading extensions...
[00:06:50] [Server thread/INFO]: [Chunky] Disabling Chunky v1.4.28
[00:06:50] [Server thread/INFO]: [EconomyShopGUI] Disabling EconomyShopGUI v6.16.3
[00:06:50] [Server thread/INFO]: [HomeGUI] Disabling HomeGUI v1.4
[00:06:50] [Server thread/INFO]: [HomeGUI]: Plugin has been disabled.
[00:06:50] [Server thread/INFO]: [ItemEdit] Disabling ItemEdit v3.7.0
[00:06:50] [Server thread/INFO]: [PlaceholderAPI] Unregistered placeholder expansion itemedit
[00:06:50] [Server thread/INFO]: [PlaceholderAPI] Reason: required plugin ItemEdit was disabled.
[00:06:50] [Server thread/INFO]: [LoginSecurity] Disabling LoginSecurity v3.2.0
[00:06:50] [Server thread/INFO]: [LoginSecurity] Waiting for queued tasks...
[00:06:50] [Server thread/INFO]: [LoginSecurity] ExecutorService shut down, ready to disable.
[00:06:50] [Server thread/INFO]: [LuckPermsGUI] Disabling LuckPermsGUI v1.7.1
[00:06:50] [Server thread/INFO]: §cDisabled §eLuckPermsGUI
[00:06:50] [Server thread/INFO]: [PvPManager] Disabling PvPManager v4.0.7
[00:06:50] [Server thread/INFO]: [PvPManager] Saving player data to storage...
[00:06:50] [Server thread/INFO]: [PvPManager] Closed SQLITE storage
[00:06:50] [Server thread/INFO]: [SimpleBounty] Disabling SimpleBounty v1.0
[00:06:50] [Server thread/INFO]: [SimpleBounty] [SimpleBounty] Disabled Version 1.0
[00:06:50] [Server thread/INFO]: [SimpleScore] Disabling SimpleScore v3.12.5
[00:06:50] [Server thread/INFO]: [SkinsRestorer] Disabling SkinsRestorer v15.9.3
[00:06:50] [Server thread/INFO]: [voicechat] Disabling voicechat v2.6.11
[00:06:50] [Server thread/INFO]: [SmartSpawner] Disabling SmartSpawner v1.5.8
[00:06:50] [Server thread/INFO]: [SmartSpawner] SmartSpawner has been disabled!
[00:06:50] [Server thread/INFO]: [Essentials] Disabling Essentials v2.22.0-dev+57-7775662
[00:06:50] [Server thread/INFO]: [Vault] [Economy] Essentials Economy unhooked.
[00:06:50] [Server thread/INFO]: [PlaceholderAPI] Disabling PlaceholderAPI v2.11.7
[00:06:50] [Server thread/INFO]: [Vault] Disabling Vault v1.7.3-b131
[00:06:50] [Server thread/INFO]: [Blue Slime Core] Disabling BlueSlimeCore v2.9.8.504
[00:06:50] [Server thread/INFO]: [LuckPerms] Disabling LuckPerms v5.4.131
[00:06:50] [Server thread/INFO]: [LuckPerms] Starting shutdown process...
[00:06:50] [Server thread/INFO]: [LuckPerms] Closing storage...
[00:06:50] [Server thread/INFO]: [LuckPerms] Goodbye!
[00:06:50] [Server thread/INFO]: Saving players
[00:06:51] [Server thread/INFO]: Saving worlds
[00:06:51] [Server thread/INFO]: Saving chunks for level 'ServerLevel[world]'/minecraft:overworld
[00:06:51] [Server thread/INFO]: [ChunkHolderManager] Waiting 60s for chunk system to halt for world 'world'
[00:06:51] [Server thread/INFO]: [ChunkHolderManager] Halted chunk system for world 'world'
[00:06:51] [Server thread/INFO]: [ChunkHolderManager] Saving all chunkholders for world 'world'
[00:06:51] [Server thread/INFO]: [ChunkHolderManager] Saved 92 block chunks, 94 entity chunks, 0 poi chunks in world 'world' in 0.22s
[00:06:51] [Server thread/INFO]: [ChunkHolderManager] Waiting 60s for chunk I/O to halt for world 'world'
[00:06:51] [Server thread/INFO]: [ChunkHolderManager] Halted I/O scheduler for world 'world'
[00:06:51] [Server thread/INFO]: Saving chunks for level 'ServerLevel[world_nether]'/minecraft:the_nether
[00:06:51] [Server thread/INFO]: [ChunkHolderManager] Waiting 60s for chunk system to halt for world 'world_nether'
[00:06:51] [Server thread/INFO]: [ChunkHolderManager] Halted chunk system for world 'world_nether'
[00:06:51] [Server thread/INFO]: [ChunkHolderManager] Saving all chunkholders for world 'world_nether'
[00:06:51] [Server thread/INFO]: [ChunkHolderManager] Saved 0 block chunks, 3 entity chunks, 0 poi chunks in world 'world_nether' in 0.01s
[00:06:51] [Server thread/INFO]: [ChunkHolderManager] Waiting 60s for chunk I/O to halt for world 'world_nether'
[00:06:51] [Server thread/INFO]: [ChunkHolderManager] Halted I/O scheduler for world 'world_nether'
[00:06:51] [Server thread/INFO]: Saving chunks for level 'ServerLevel[world_the_end]'/minecraft:the_end
[00:06:51] [Server thread/INFO]: [ChunkHolderManager] Waiting 60s for chunk system to halt for world 'world_the_end'
[00:06:51] [Server thread/INFO]: [ChunkHolderManager] Halted chunk system for world 'world_the_end'
[00:06:51] [Server thread/INFO]: [ChunkHolderManager] Saving all chunkholders for world 'world_the_end'
[00:06:51] [Server thread/INFO]: [ChunkHolderManager] Saved 0 block chunks, 10 entity chunks, 0 poi chunks in world 'world_the_end' in 0.04s
[00:06:51] [Server thread/INFO]: [ChunkHolderManager] Waiting 60s for chunk I/O to halt for world 'world_the_end'
[00:06:51] [Server thread/INFO]: [ChunkHolderManager] Halted I/O scheduler for world 'world_the_end'
[00:06:51] [Server thread/INFO]: ThreadedAnvilChunkStorage (world): All chunks are saved
[00:06:51] [Server thread/INFO]: ThreadedAnvilChunkStorage (DIM-1): All chunks are saved
[00:06:51] [Server thread/INFO]: ThreadedAnvilChunkStorage (DIM1): All chunks are saved
[00:06:51] [Server thread/INFO]: ThreadedAnvilChunkStorage: All dimensions are saved
[00:06:51] [Server thread/INFO]: Waiting for I/O tasks to complete...
[00:06:51] [Server thread/INFO]: All I/O tasks to complete
[00:06:51] [Server thread/INFO]: [MoonriseCommon] Awaiting termination of worker pool for up to 60s...
[00:06:51] [Server thread/INFO]: [MoonriseCommon] Awaiting termination of I/O pool for up to 60s...
